CRITICAL - 2026-01-29 18:01:25 --> ArgumentCountError: Too few arguments to function App\Controllers\Catalog::download(), 1 passed in C:\xampp\htdocs\geoportal\system\CodeIgniter.php on line 933 and exactly 2 expected
[Method: GET, Route: catalog/download/3]
in APPPATH\Controllers\Catalog.php on line 90.
 1 SYSTEMPATH\CodeIgniter.php(933): App\Controllers\Catalog->download('3')
 2 SYSTEMPATH\CodeIgniter.php(507): CodeIgniter\CodeIgniter->runController(Object(App\Controllers\Catalog))
 3 SYSTEMPATH\CodeIgniter.php(354): CodeIgniter\CodeIgniter->handleRequest(null, Object(Config\Cache), false)
 4 SYSTEMPATH\Boot.php(334): CodeIgniter\CodeIgniter->run()
 5 SYSTEMPATH\Boot.php(67): CodeIgniter\Boot::runCodeIgniter(Object(CodeIgniter\CodeIgniter))
 6 FCPATH\index.php(56): CodeIgniter\Boot::bootWeb(Object(Config\Paths))
CRITICAL - 2026-01-29 18:01:46 --> ArgumentCountError: Too few arguments to function App\Controllers\Catalog::download(), 1 passed in C:\xampp\htdocs\geoportal\system\CodeIgniter.php on line 933 and exactly 2 expected
[Method: GET, Route: catalog/download/2]
in APPPATH\Controllers\Catalog.php on line 90.
 1 SYSTEMPATH\CodeIgniter.php(933): App\Controllers\Catalog->download('2')
 2 SYSTEMPATH\CodeIgniter.php(507): CodeIgniter\CodeIgniter->runController(Object(App\Controllers\Catalog))
 3 SYSTEMPATH\CodeIgniter.php(354): CodeIgniter\CodeIgniter->handleRequest(null, Object(Config\Cache), false)
 4 SYSTEMPATH\Boot.php(334): CodeIgniter\CodeIgniter->run()
 5 SYSTEMPATH\Boot.php(67): CodeIgniter\Boot::runCodeIgniter(Object(CodeIgniter\CodeIgniter))
 6 FCPATH\index.php(56): CodeIgniter\Boot::bootWeb(Object(Config\Paths))
CRITICAL - 2026-01-29 18:02:26 --> ArgumentCountError: Too few arguments to function App\Controllers\Catalog::download(), 1 passed in C:\xampp\htdocs\geoportal\system\CodeIgniter.php on line 933 and exactly 2 expected
[Method: GET, Route: catalog/download/28]
in APPPATH\Controllers\Catalog.php on line 90.
 1 SYSTEMPATH\CodeIgniter.php(933): App\Controllers\Catalog->download('28')
 2 SYSTEMPATH\CodeIgniter.php(507): CodeIgniter\CodeIgniter->runController(Object(App\Controllers\Catalog))
 3 SYSTEMPATH\CodeIgniter.php(354): CodeIgniter\CodeIgniter->handleRequest(null, Object(Config\Cache), false)
 4 SYSTEMPATH\Boot.php(334): CodeIgniter\CodeIgniter->run()
 5 SYSTEMPATH\Boot.php(67): CodeIgniter\Boot::runCodeIgniter(Object(CodeIgniter\CodeIgniter))
 6 FCPATH\index.php(56): CodeIgniter\Boot::bootWeb(Object(Config\Paths))
DEBUG - 2026-01-29 18:02:56 --> Session: Class initialized using 'CodeIgniter\Session\Handlers\FileHandler' driver.
DEBUG - 2026-01-29 18:03:27 --> Session: Class initialized using 'CodeIgniter\Session\Handlers\FileHandler' driver.
DEBUG - 2026-01-29 18:03:28 --> Session: Class initialized using 'CodeIgniter\Session\Handlers\FileHandler' driver.
CRITICAL - 2026-01-29 18:15:02 --> ArgumentCountError: Too few arguments to function App\Controllers\Catalog::download(), 1 passed in C:\xampp\htdocs\geoportal\system\CodeIgniter.php on line 933 and exactly 2 expected
[Method: GET, Route: catalog/download/2]
in APPPATH\Controllers\Catalog.php on line 90.
 1 SYSTEMPATH\CodeIgniter.php(933): App\Controllers\Catalog->download('2')
 2 SYSTEMPATH\CodeIgniter.php(507): CodeIgniter\CodeIgniter->runController(Object(App\Controllers\Catalog))
 3 SYSTEMPATH\CodeIgniter.php(354): CodeIgniter\CodeIgniter->handleRequest(null, Object(Config\Cache), false)
 4 SYSTEMPATH\Boot.php(334): CodeIgniter\CodeIgniter->run()
 5 SYSTEMPATH\Boot.php(67): CodeIgniter\Boot::runCodeIgniter(Object(CodeIgniter\CodeIgniter))
 6 FCPATH\index.php(56): CodeIgniter\Boot::bootWeb(Object(Config\Paths))
CRITICAL - 2026-01-29 18:15:04 --> ArgumentCountError: Too few arguments to function App\Controllers\Catalog::view(), 1 passed in C:\xampp\htdocs\geoportal\system\CodeIgniter.php on line 933 and exactly 2 expected
[Method: GET, Route: catalog/view/2]
in APPPATH\Controllers\Catalog.php on line 73.
 1 SYSTEMPATH\CodeIgniter.php(933): App\Controllers\Catalog->view('2')
 2 SYSTEMPATH\CodeIgniter.php(507): CodeIgniter\CodeIgniter->runController(Object(App\Controllers\Catalog))
 3 SYSTEMPATH\CodeIgniter.php(354): CodeIgniter\CodeIgniter->handleRequest(null, Object(Config\Cache), false)
 4 SYSTEMPATH\Boot.php(334): CodeIgniter\CodeIgniter->run()
 5 SYSTEMPATH\Boot.php(67): CodeIgniter\Boot::runCodeIgniter(Object(CodeIgniter\CodeIgniter))
 6 FCPATH\index.php(56): CodeIgniter\Boot::bootWeb(Object(Config\Paths))
CRITICAL - 2026-01-29 18:15:09 --> ArgumentCountError: Too few arguments to function App\Controllers\Catalog::download(), 1 passed in C:\xampp\htdocs\geoportal\system\CodeIgniter.php on line 933 and exactly 2 expected
[Method: GET, Route: catalog/download/2]
in APPPATH\Controllers\Catalog.php on line 90.
 1 SYSTEMPATH\CodeIgniter.php(933): App\Controllers\Catalog->download('2')
 2 SYSTEMPATH\CodeIgniter.php(507): CodeIgniter\CodeIgniter->runController(Object(App\Controllers\Catalog))
 3 SYSTEMPATH\CodeIgniter.php(354): CodeIgniter\CodeIgniter->handleRequest(null, Object(Config\Cache), false)
 4 SYSTEMPATH\Boot.php(334): CodeIgniter\CodeIgniter->run()
 5 SYSTEMPATH\Boot.php(67): CodeIgniter\Boot::runCodeIgniter(Object(CodeIgniter\CodeIgniter))
 6 FCPATH\index.php(56): CodeIgniter\Boot::bootWeb(Object(Config\Paths))
DEBUG - 2026-01-29 18:16:02 --> Session: Class initialized using 'CodeIgniter\Session\Handlers\FileHandler' driver.
DEBUG - 2026-01-29 18:16:11 --> Session: Class initialized using 'CodeIgniter\Session\Handlers\FileHandler' driver.
CRITICAL - 2026-01-29 18:16:24 --> ArgumentCountError: Too few arguments to function App\Controllers\Catalog::download(), 1 passed in C:\xampp\htdocs\geoportal\system\CodeIgniter.php on line 933 and exactly 2 expected
[Method: GET, Route: catalog/download/12]
in APPPATH\Controllers\Catalog.php on line 90.
 1 SYSTEMPATH\CodeIgniter.php(933): App\Controllers\Catalog->download('12')
 2 SYSTEMPATH\CodeIgniter.php(507): CodeIgniter\CodeIgniter->runController(Object(App\Controllers\Catalog))
 3 SYSTEMPATH\CodeIgniter.php(354): CodeIgniter\CodeIgniter->handleRequest(null, Object(Config\Cache), false)
 4 SYSTEMPATH\Boot.php(334): CodeIgniter\CodeIgniter->run()
 5 SYSTEMPATH\Boot.php(67): CodeIgniter\Boot::runCodeIgniter(Object(CodeIgniter\CodeIgniter))
 6 FCPATH\index.php(56): CodeIgniter\Boot::bootWeb(Object(Config\Paths))
CRITICAL - 2026-01-29 18:18:25 --> TypeError: App\Controllers\Catalog::download(): Argument #2 ($id) must be of type int, string given, called in C:\xampp\htdocs\geoportal\system\CodeIgniter.php on line 933
[Method: GET, Route: catalog/download/12]
in APPPATH\Controllers\Catalog.php on line 90.
 1 SYSTEMPATH\CodeIgniter.php(933): App\Controllers\Catalog->download('12', '')
 2 SYSTEMPATH\CodeIgniter.php(507): CodeIgniter\CodeIgniter->runController(Object(App\Controllers\Catalog))
 3 SYSTEMPATH\CodeIgniter.php(354): CodeIgniter\CodeIgniter->handleRequest(null, Object(Config\Cache), false)
 4 SYSTEMPATH\Boot.php(334): CodeIgniter\CodeIgniter->run()
 5 SYSTEMPATH\Boot.php(67): CodeIgniter\Boot::runCodeIgniter(Object(CodeIgniter\CodeIgniter))
 6 FCPATH\index.php(56): CodeIgniter\Boot::bootWeb(Object(Config\Paths))
CRITICAL - 2026-01-29 18:18:40 --> TypeError: App\Controllers\Catalog::download(): Argument #2 ($id) must be of type int, string given, called in C:\xampp\htdocs\geoportal\system\CodeIgniter.php on line 933
[Method: GET, Route: catalog/download/2]
in APPPATH\Controllers\Catalog.php on line 90.
 1 SYSTEMPATH\CodeIgniter.php(933): App\Controllers\Catalog->download('2', '')
 2 SYSTEMPATH\CodeIgniter.php(507): CodeIgniter\CodeIgniter->runController(Object(App\Controllers\Catalog))
 3 SYSTEMPATH\CodeIgniter.php(354): CodeIgniter\CodeIgniter->handleRequest(null, Object(Config\Cache), false)
 4 SYSTEMPATH\Boot.php(334): CodeIgniter\CodeIgniter->run()
 5 SYSTEMPATH\Boot.php(67): CodeIgniter\Boot::runCodeIgniter(Object(CodeIgniter\CodeIgniter))
 6 FCPATH\index.php(56): CodeIgniter\Boot::bootWeb(Object(Config\Paths))
CRITICAL - 2026-01-29 18:18:45 --> TypeError: App\Controllers\Catalog::download(): Argument #2 ($id) must be of type int, string given, called in C:\xampp\htdocs\geoportal\system\CodeIgniter.php on line 933
[Method: GET, Route: catalog/download/3]
in APPPATH\Controllers\Catalog.php on line 90.
 1 SYSTEMPATH\CodeIgniter.php(933): App\Controllers\Catalog->download('3', '')
 2 SYSTEMPATH\CodeIgniter.php(507): CodeIgniter\CodeIgniter->runController(Object(App\Controllers\Catalog))
 3 SYSTEMPATH\CodeIgniter.php(354): CodeIgniter\CodeIgniter->handleRequest(null, Object(Config\Cache), false)
 4 SYSTEMPATH\Boot.php(334): CodeIgniter\CodeIgniter->run()
 5 SYSTEMPATH\Boot.php(67): CodeIgniter\Boot::runCodeIgniter(Object(CodeIgniter\CodeIgniter))
 6 FCPATH\index.php(56): CodeIgniter\Boot::bootWeb(Object(Config\Paths))
CRITICAL - 2026-01-29 18:18:53 --> TypeError: App\Controllers\Catalog::download(): Argument #2 ($id) must be of type int, string given, called in C:\xampp\htdocs\geoportal\system\CodeIgniter.php on line 933
[Method: GET, Route: catalog/download/8]
in APPPATH\Controllers\Catalog.php on line 90.
 1 SYSTEMPATH\CodeIgniter.php(933): App\Controllers\Catalog->download('8', '')
 2 SYSTEMPATH\CodeIgniter.php(507): CodeIgniter\CodeIgniter->runController(Object(App\Controllers\Catalog))
 3 SYSTEMPATH\CodeIgniter.php(354): CodeIgniter\CodeIgniter->handleRequest(null, Object(Config\Cache), false)
 4 SYSTEMPATH\Boot.php(334): CodeIgniter\CodeIgniter->run()
 5 SYSTEMPATH\Boot.php(67): CodeIgniter\Boot::runCodeIgniter(Object(CodeIgniter\CodeIgniter))
 6 FCPATH\index.php(56): CodeIgniter\Boot::bootWeb(Object(Config\Paths))
CRITICAL - 2026-01-29 18:18:56 --> TypeError: App\Controllers\Catalog::view(): Argument #2 ($id) must be of type int, string given, called in C:\xampp\htdocs\geoportal\system\CodeIgniter.php on line 933
[Method: GET, Route: catalog/view/8]
in APPPATH\Controllers\Catalog.php on line 73.
 1 SYSTEMPATH\CodeIgniter.php(933): App\Controllers\Catalog->view('8', '')
 2 SYSTEMPATH\CodeIgniter.php(507): CodeIgniter\CodeIgniter->runController(Object(App\Controllers\Catalog))
 3 SYSTEMPATH\CodeIgniter.php(354): CodeIgniter\CodeIgniter->handleRequest(null, Object(Config\Cache), false)
 4 SYSTEMPATH\Boot.php(334): CodeIgniter\CodeIgniter->run()
 5 SYSTEMPATH\Boot.php(67): CodeIgniter\Boot::runCodeIgniter(Object(CodeIgniter\CodeIgniter))
 6 FCPATH\index.php(56): CodeIgniter\Boot::bootWeb(Object(Config\Paths))
CRITICAL - 2026-01-29 18:42:23 --> TypeError: App\Controllers\Catalog::view(): Argument #1 ($id) must be of type int, string given, called in C:\xampp\htdocs\geoportal\system\CodeIgniter.php on line 933
[Method: GET, Route: catalog/view/gravport/12]
in APPPATH\Controllers\Catalog.php on line 57.
 1 SYSTEMPATH\CodeIgniter.php(933): App\Controllers\Catalog->view('gravport', '12')
 2 SYSTEMPATH\CodeIgniter.php(507): CodeIgniter\CodeIgniter->runController(Object(App\Controllers\Catalog))
 3 SYSTEMPATH\CodeIgniter.php(354): CodeIgniter\CodeIgniter->handleRequest(null, Object(Config\Cache), false)
 4 SYSTEMPATH\Boot.php(334): CodeIgniter\CodeIgniter->run()
 5 SYSTEMPATH\Boot.php(67): CodeIgniter\Boot::runCodeIgniter(Object(CodeIgniter\CodeIgniter))
 6 FCPATH\index.php(56): CodeIgniter\Boot::bootWeb(Object(Config\Paths))
CRITICAL - 2026-01-29 18:42:24 --> TypeError: App\Controllers\Catalog::download(): Argument #1 ($id) must be of type int, string given, called in C:\xampp\htdocs\geoportal\system\CodeIgniter.php on line 933
[Method: GET, Route: catalog/download/gravport/12]
in APPPATH\Controllers\Catalog.php on line 74.
 1 SYSTEMPATH\CodeIgniter.php(933): App\Controllers\Catalog->download('gravport', '12')
 2 SYSTEMPATH\CodeIgniter.php(507): CodeIgniter\CodeIgniter->runController(Object(App\Controllers\Catalog))
 3 SYSTEMPATH\CodeIgniter.php(354): CodeIgniter\CodeIgniter->handleRequest(null, Object(Config\Cache), false)
 4 SYSTEMPATH\Boot.php(334): CodeIgniter\CodeIgniter->run()
 5 SYSTEMPATH\Boot.php(67): CodeIgniter\Boot::runCodeIgniter(Object(CodeIgniter\CodeIgniter))
 6 FCPATH\index.php(56): CodeIgniter\Boot::bootWeb(Object(Config\Paths))
CRITICAL - 2026-01-29 18:42:24 --> TypeError: App\Controllers\Catalog::download(): Argument #1 ($id) must be of type int, string given, called in C:\xampp\htdocs\geoportal\system\CodeIgniter.php on line 933
[Method: GET, Route: catalog/download/gravport/12]
in APPPATH\Controllers\Catalog.php on line 74.
 1 SYSTEMPATH\CodeIgniter.php(933): App\Controllers\Catalog->download('gravport', '12')
 2 SYSTEMPATH\CodeIgniter.php(507): CodeIgniter\CodeIgniter->runController(Object(App\Controllers\Catalog))
 3 SYSTEMPATH\CodeIgniter.php(354): CodeIgniter\CodeIgniter->handleRequest(null, Object(Config\Cache), false)
 4 SYSTEMPATH\Boot.php(334): CodeIgniter\CodeIgniter->run()
 5 SYSTEMPATH\Boot.php(67): CodeIgniter\Boot::runCodeIgniter(Object(CodeIgniter\CodeIgniter))
 6 FCPATH\index.php(56): CodeIgniter\Boot::bootWeb(Object(Config\Paths))
DEBUG - 2026-01-29 18:42:36 --> Session: Class initialized using 'CodeIgniter\Session\Handlers\FileHandler' driver.
DEBUG - 2026-01-29 18:42:36 --> Session: Class initialized using 'CodeIgniter\Session\Handlers\FileHandler' driver.
DEBUG - 2026-01-29 18:43:01 --> Session: Class initialized using 'CodeIgniter\Session\Handlers\FileHandler' driver.
DEBUG - 2026-01-29 18:43:01 --> Session: Class initialized using 'CodeIgniter\Session\Handlers\FileHandler' driver.
DEBUG - 2026-01-29 18:43:22 --> Session: Class initialized using 'CodeIgniter\Session\Handlers\FileHandler' driver.
DEBUG - 2026-01-29 18:43:22 --> Session: Class initialized using 'CodeIgniter\Session\Handlers\FileHandler' driver.
DEBUG - 2026-01-29 19:10:50 --> Session: Class initialized using 'CodeIgniter\Session\Handlers\FileHandler' driver.
DEBUG - 2026-01-29 19:10:53 --> Session: Class initialized using 'CodeIgniter\Session\Handlers\FileHandler' driver.
DEBUG - 2026-01-29 19:10:55 --> Session: Class initialized using 'CodeIgniter\Session\Handlers\FileHandler' driver.
DEBUG - 2026-01-29 19:13:01 --> Session: Class initialized using 'CodeIgniter\Session\Handlers\FileHandler' driver.
DEBUG - 2026-01-29 19:13:03 --> Session: Class initialized using 'CodeIgniter\Session\Handlers\FileHandler' driver.
DEBUG - 2026-01-29 19:13:05 --> Session: Class initialized using 'CodeIgniter\Session\Handlers\FileHandler' driver.
DEBUG - 2026-01-29 19:13:07 --> Session: Class initialized using 'CodeIgniter\Session\Handlers\FileHandler' driver.
DEBUG - 2026-01-29 19:13:08 --> Session: Class initialized using 'CodeIgniter\Session\Handlers\FileHandler' driver.
DEBUG - 2026-01-29 19:13:32 --> Session: Class initialized using 'CodeIgniter\Session\Handlers\FileHandler' driver.
DEBUG - 2026-01-29 19:13:47 --> Session: Class initialized using 'CodeIgniter\Session\Handlers\FileHandler' driver.
DEBUG - 2026-01-29 19:13:48 --> Session: Class initialized using 'CodeIgniter\Session\Handlers\FileHandler' driver.
DEBUG - 2026-01-29 19:14:12 --> Session: Class initialized using 'CodeIgniter\Session\Handlers\FileHandler' driver.
DEBUG - 2026-01-29 19:14:13 --> Session: Class initialized using 'CodeIgniter\Session\Handlers\FileHandler' driver.
DEBUG - 2026-01-29 19:14:19 --> Session: Class initialized using 'CodeIgniter\Session\Handlers\FileHandler' driver.
DEBUG - 2026-01-29 19:14:20 --> Session: Class initialized using 'CodeIgniter\Session\Handlers\FileHandler' driver.
DEBUG - 2026-01-29 19:14:22 --> Session: Class initialized using 'CodeIgniter\Session\Handlers\FileHandler' driver.
DEBUG - 2026-01-29 19:14:22 --> Session: Class initialized using 'CodeIgniter\Session\Handlers\FileHandler' driver.
DEBUG - 2026-01-29 19:41:16 --> Session: Class initialized using 'CodeIgniter\Session\Handlers\FileHandler' driver.
DEBUG - 2026-01-29 19:41:28 --> Session: Class initialized using 'CodeIgniter\Session\Handlers\FileHandler' driver.
DEBUG - 2026-01-29 19:41:45 --> Session: Class initialized using 'CodeIgniter\Session\Handlers\FileHandler' driver.
DEBUG - 2026-01-29 19:42:19 --> Session: Class initialized using 'CodeIgniter\Session\Handlers\FileHandler' driver.
DEBUG - 2026-01-29 19:42:33 --> Session: Class initialized using 'CodeIgniter\Session\Handlers\FileHandler' driver.
DEBUG - 2026-01-29 19:42:33 --> Session: Class initialized using 'CodeIgniter\Session\Handlers\FileHandler' driver.
