CRITICAL - 2025-02-10 09:48:25 --> ErrorException: include(v_report.php): Failed to open stream: No such file or directory
[Method: GET, Route: Home/Report]
in APPPATH\Views\v_template.php on line 361.
 1 APPPATH\Views\v_template.php(361): CodeIgniter\Debug\Exceptions->errorHandler(2, 'include(v_report.php): Failed to open stream: No such file or directory', 'C:\\xampp\\htdocs\\project-webgis\\app\\Views\\v_template.php', 361)
 2 APPPATH\Views\v_template.php(361): include()
 3 SYSTEMPATH\View\View.php(224): include('C:\\xampp\\htdocs\\project-webgis\\app\\Views\\v_template.php')
 4 SYSTEMPATH\View\View.php(227): CodeIgniter\View\View->CodeIgniter\View\{closure}()
 5 SYSTEMPATH\Common.php(1173): CodeIgniter\View\View->render('v_template', [], true)
 6 APPPATH\Controllers\Home.php(41): view('v_template', [...])
 7 SYSTEMPATH\CodeIgniter.php(933): App\Controllers\Home->Report()
 8 SYSTEMPATH\CodeIgniter.php(507): CodeIgniter\CodeIgniter->runController(Object(App\Controllers\Home))
 9 SYSTEMPATH\CodeIgniter.php(354): CodeIgniter\CodeIgniter->handleRequest(null, Object(Config\Cache), false)
10 SYSTEMPATH\Boot.php(334): CodeIgniter\CodeIgniter->run()
11 SYSTEMPATH\Boot.php(67): CodeIgniter\Boot::runCodeIgniter(Object(CodeIgniter\CodeIgniter))
12 FCPATH\index.php(56): CodeIgniter\Boot::bootWeb(Object(Config\Paths))
CRITICAL - 2025-02-10 09:49:14 --> ErrorException: include(v_report.php): Failed to open stream: No such file or directory
[Method: GET, Route: Home/Report]
in APPPATH\Views\v_template.php on line 361.
 1 APPPATH\Views\v_template.php(361): CodeIgniter\Debug\Exceptions->errorHandler(2, 'include(v_report.php): Failed to open stream: No such file or directory', 'C:\\xampp\\htdocs\\project-webgis\\app\\Views\\v_template.php', 361)
 2 APPPATH\Views\v_template.php(361): include()
 3 SYSTEMPATH\View\View.php(224): include('C:\\xampp\\htdocs\\project-webgis\\app\\Views\\v_template.php')
 4 SYSTEMPATH\View\View.php(227): CodeIgniter\View\View->CodeIgniter\View\{closure}()
 5 SYSTEMPATH\Common.php(1173): CodeIgniter\View\View->render('v_template', [], true)
 6 APPPATH\Controllers\Home.php(41): view('v_template', [...])
 7 SYSTEMPATH\CodeIgniter.php(933): App\Controllers\Home->Report()
 8 SYSTEMPATH\CodeIgniter.php(507): CodeIgniter\CodeIgniter->runController(Object(App\Controllers\Home))
 9 SYSTEMPATH\CodeIgniter.php(354): CodeIgniter\CodeIgniter->handleRequest(null, Object(Config\Cache), false)
10 SYSTEMPATH\Boot.php(334): CodeIgniter\CodeIgniter->run()
11 SYSTEMPATH\Boot.php(67): CodeIgniter\Boot::runCodeIgniter(Object(CodeIgniter\CodeIgniter))
12 FCPATH\index.php(56): CodeIgniter\Boot::bootWeb(Object(Config\Paths))
CRITICAL - 2025-02-10 09:49:15 --> ErrorException: include(v_report.php): Failed to open stream: No such file or directory
[Method: GET, Route: Home/Report]
in APPPATH\Views\v_template.php on line 361.
 1 APPPATH\Views\v_template.php(361): CodeIgniter\Debug\Exceptions->errorHandler(2, 'include(v_report.php): Failed to open stream: No such file or directory', 'C:\\xampp\\htdocs\\project-webgis\\app\\Views\\v_template.php', 361)
 2 APPPATH\Views\v_template.php(361): include()
 3 SYSTEMPATH\View\View.php(224): include('C:\\xampp\\htdocs\\project-webgis\\app\\Views\\v_template.php')
 4 SYSTEMPATH\View\View.php(227): CodeIgniter\View\View->CodeIgniter\View\{closure}()
 5 SYSTEMPATH\Common.php(1173): CodeIgniter\View\View->render('v_template', [], true)
 6 APPPATH\Controllers\Home.php(41): view('v_template', [...])
 7 SYSTEMPATH\CodeIgniter.php(933): App\Controllers\Home->Report()
 8 SYSTEMPATH\CodeIgniter.php(507): CodeIgniter\CodeIgniter->runController(Object(App\Controllers\Home))
 9 SYSTEMPATH\CodeIgniter.php(354): CodeIgniter\CodeIgniter->handleRequest(null, Object(Config\Cache), false)
10 SYSTEMPATH\Boot.php(334): CodeIgniter\CodeIgniter->run()
11 SYSTEMPATH\Boot.php(67): CodeIgniter\Boot::runCodeIgniter(Object(CodeIgniter\CodeIgniter))
12 FCPATH\index.php(56): CodeIgniter\Boot::bootWeb(Object(Config\Paths))
CRITICAL - 2025-02-10 09:50:53 --> ErrorException: include(v_report.php): Failed to open stream: No such file or directory
[Method: GET, Route: Home/Report]
in APPPATH\Views\v_template.php on line 361.
 1 APPPATH\Views\v_template.php(361): CodeIgniter\Debug\Exceptions->errorHandler(2, 'include(v_report.php): Failed to open stream: No such file or directory', 'C:\\xampp\\htdocs\\project-webgis\\app\\Views\\v_template.php', 361)
 2 APPPATH\Views\v_template.php(361): include()
 3 SYSTEMPATH\View\View.php(224): include('C:\\xampp\\htdocs\\project-webgis\\app\\Views\\v_template.php')
 4 SYSTEMPATH\View\View.php(227): CodeIgniter\View\View->CodeIgniter\View\{closure}()
 5 SYSTEMPATH\Common.php(1173): CodeIgniter\View\View->render('v_template', [], true)
 6 APPPATH\Controllers\Home.php(41): view('v_template', [...])
 7 SYSTEMPATH\CodeIgniter.php(933): App\Controllers\Home->Report()
 8 SYSTEMPATH\CodeIgniter.php(507): CodeIgniter\CodeIgniter->runController(Object(App\Controllers\Home))
 9 SYSTEMPATH\CodeIgniter.php(354): CodeIgniter\CodeIgniter->handleRequest(null, Object(Config\Cache), false)
10 SYSTEMPATH\Boot.php(334): CodeIgniter\CodeIgniter->run()
11 SYSTEMPATH\Boot.php(67): CodeIgniter\Boot::runCodeIgniter(Object(CodeIgniter\CodeIgniter))
12 FCPATH\index.php(56): CodeIgniter\Boot::bootWeb(Object(Config\Paths))
CRITICAL - 2025-02-10 09:50:55 --> ErrorException: include(v_report.php): Failed to open stream: No such file or directory
[Method: GET, Route: Home/Report]
in APPPATH\Views\v_template.php on line 361.
 1 APPPATH\Views\v_template.php(361): CodeIgniter\Debug\Exceptions->errorHandler(2, 'include(v_report.php): Failed to open stream: No such file or directory', 'C:\\xampp\\htdocs\\project-webgis\\app\\Views\\v_template.php', 361)
 2 APPPATH\Views\v_template.php(361): include()
 3 SYSTEMPATH\View\View.php(224): include('C:\\xampp\\htdocs\\project-webgis\\app\\Views\\v_template.php')
 4 SYSTEMPATH\View\View.php(227): CodeIgniter\View\View->CodeIgniter\View\{closure}()
 5 SYSTEMPATH\Common.php(1173): CodeIgniter\View\View->render('v_template', [], true)
 6 APPPATH\Controllers\Home.php(41): view('v_template', [...])
 7 SYSTEMPATH\CodeIgniter.php(933): App\Controllers\Home->Report()
 8 SYSTEMPATH\CodeIgniter.php(507): CodeIgniter\CodeIgniter->runController(Object(App\Controllers\Home))
 9 SYSTEMPATH\CodeIgniter.php(354): CodeIgniter\CodeIgniter->handleRequest(null, Object(Config\Cache), false)
10 SYSTEMPATH\Boot.php(334): CodeIgniter\CodeIgniter->run()
11 SYSTEMPATH\Boot.php(67): CodeIgniter\Boot::runCodeIgniter(Object(CodeIgniter\CodeIgniter))
12 FCPATH\index.php(56): CodeIgniter\Boot::bootWeb(Object(Config\Paths))
CRITICAL - 2025-02-10 09:52:09 --> ErrorException: include(v_report.php): Failed to open stream: No such file or directory
[Method: GET, Route: Home/Report]
in APPPATH\Views\v_template.php on line 361.
 1 APPPATH\Views\v_template.php(361): CodeIgniter\Debug\Exceptions->errorHandler(2, 'include(v_report.php): Failed to open stream: No such file or directory', 'C:\\xampp\\htdocs\\project-webgis\\app\\Views\\v_template.php', 361)
 2 APPPATH\Views\v_template.php(361): include()
 3 SYSTEMPATH\View\View.php(224): include('C:\\xampp\\htdocs\\project-webgis\\app\\Views\\v_template.php')
 4 SYSTEMPATH\View\View.php(227): CodeIgniter\View\View->CodeIgniter\View\{closure}()
 5 SYSTEMPATH\Common.php(1173): CodeIgniter\View\View->render('v_template', [], true)
 6 APPPATH\Controllers\Home.php(41): view('v_template', [...])
 7 SYSTEMPATH\CodeIgniter.php(933): App\Controllers\Home->Report()
 8 SYSTEMPATH\CodeIgniter.php(507): CodeIgniter\CodeIgniter->runController(Object(App\Controllers\Home))
 9 SYSTEMPATH\CodeIgniter.php(354): CodeIgniter\CodeIgniter->handleRequest(null, Object(Config\Cache), false)
10 SYSTEMPATH\Boot.php(334): CodeIgniter\CodeIgniter->run()
11 SYSTEMPATH\Boot.php(67): CodeIgniter\Boot::runCodeIgniter(Object(CodeIgniter\CodeIgniter))
12 FCPATH\index.php(56): CodeIgniter\Boot::bootWeb(Object(Config\Paths))
CRITICAL - 2025-02-10 09:53:12 --> ErrorException: include(v_report.php): Failed to open stream: No such file or directory
[Method: GET, Route: Home/Report]
in APPPATH\Views\v_template.php on line 361.
 1 APPPATH\Views\v_template.php(361): CodeIgniter\Debug\Exceptions->errorHandler(2, 'include(v_report.php): Failed to open stream: No such file or directory', 'C:\\xampp\\htdocs\\project-webgis\\app\\Views\\v_template.php', 361)
 2 APPPATH\Views\v_template.php(361): include()
 3 SYSTEMPATH\View\View.php(224): include('C:\\xampp\\htdocs\\project-webgis\\app\\Views\\v_template.php')
 4 SYSTEMPATH\View\View.php(227): CodeIgniter\View\View->CodeIgniter\View\{closure}()
 5 SYSTEMPATH\Common.php(1173): CodeIgniter\View\View->render('v_template', [], true)
 6 APPPATH\Controllers\Home.php(41): view('v_template', [...])
 7 SYSTEMPATH\CodeIgniter.php(933): App\Controllers\Home->Report()
 8 SYSTEMPATH\CodeIgniter.php(507): CodeIgniter\CodeIgniter->runController(Object(App\Controllers\Home))
 9 SYSTEMPATH\CodeIgniter.php(354): CodeIgniter\CodeIgniter->handleRequest(null, Object(Config\Cache), false)
10 SYSTEMPATH\Boot.php(334): CodeIgniter\CodeIgniter->run()
11 SYSTEMPATH\Boot.php(67): CodeIgniter\Boot::runCodeIgniter(Object(CodeIgniter\CodeIgniter))
12 FCPATH\index.php(56): CodeIgniter\Boot::bootWeb(Object(Config\Paths))
CRITICAL - 2025-02-10 09:53:14 --> ErrorException: include(v_report.php): Failed to open stream: No such file or directory
[Method: GET, Route: Home/Report]
in APPPATH\Views\v_template.php on line 361.
 1 APPPATH\Views\v_template.php(361): CodeIgniter\Debug\Exceptions->errorHandler(2, 'include(v_report.php): Failed to open stream: No such file or directory', 'C:\\xampp\\htdocs\\project-webgis\\app\\Views\\v_template.php', 361)
 2 APPPATH\Views\v_template.php(361): include()
 3 SYSTEMPATH\View\View.php(224): include('C:\\xampp\\htdocs\\project-webgis\\app\\Views\\v_template.php')
 4 SYSTEMPATH\View\View.php(227): CodeIgniter\View\View->CodeIgniter\View\{closure}()
 5 SYSTEMPATH\Common.php(1173): CodeIgniter\View\View->render('v_template', [], true)
 6 APPPATH\Controllers\Home.php(41): view('v_template', [...])
 7 SYSTEMPATH\CodeIgniter.php(933): App\Controllers\Home->Report()
 8 SYSTEMPATH\CodeIgniter.php(507): CodeIgniter\CodeIgniter->runController(Object(App\Controllers\Home))
 9 SYSTEMPATH\CodeIgniter.php(354): CodeIgniter\CodeIgniter->handleRequest(null, Object(Config\Cache), false)
10 SYSTEMPATH\Boot.php(334): CodeIgniter\CodeIgniter->run()
11 SYSTEMPATH\Boot.php(67): CodeIgniter\Boot::runCodeIgniter(Object(CodeIgniter\CodeIgniter))
12 FCPATH\index.php(56): CodeIgniter\Boot::bootWeb(Object(Config\Paths))
