CRITICAL - 2025-12-09 18:22:42 --> CodeIgniter\View\Exceptions\ViewException: Invalid file: "webmap.php"
[Method: GET, Route: webmap]
in SYSTEMPATH\Exceptions\FrameworkException.php on line 39.
 1 SYSTEMPATH\View\View.php(212): CodeIgniter\Exceptions\FrameworkException::forInvalidFile('webmap.php')
 2 SYSTEMPATH\Common.php(1173): CodeIgniter\View\View->render('webmap', [], true)
 3 APPPATH\Controllers\WebMap.php(11): view('webmap')
 4 SYSTEMPATH\CodeIgniter.php(933): App\Controllers\WebMap->index()
 5 SYSTEMPATH\CodeIgniter.php(507): CodeIgniter\CodeIgniter->runController(Object(App\Controllers\WebMap))
 6 SYSTEMPATH\CodeIgniter.php(354): CodeIgniter\CodeIgniter->handleRequest(null, Object(Config\Cache), false)
 7 SYSTEMPATH\Boot.php(334): CodeIgniter\CodeIgniter->run()
 8 SYSTEMPATH\Boot.php(67): CodeIgniter\Boot::runCodeIgniter(Object(CodeIgniter\CodeIgniter))
 9 FCPATH\index.php(56): CodeIgniter\Boot::bootWeb(Object(Config\Paths))
CRITICAL - 2025-12-09 18:37:24 --> CodeIgniter\View\Exceptions\ViewException: Invalid file: "webmap.php"
[Method: GET, Route: webmap]
in SYSTEMPATH\Exceptions\FrameworkException.php on line 39.
 1 SYSTEMPATH\View\View.php(212): CodeIgniter\Exceptions\FrameworkException::forInvalidFile('webmap.php')
 2 SYSTEMPATH\Common.php(1173): CodeIgniter\View\View->render('webmap', [], true)
 3 APPPATH\Controllers\WebMap.php(11): view('webmap')
 4 SYSTEMPATH\CodeIgniter.php(933): App\Controllers\WebMap->index()
 5 SYSTEMPATH\CodeIgniter.php(507): CodeIgniter\CodeIgniter->runController(Object(App\Controllers\WebMap))
 6 SYSTEMPATH\CodeIgniter.php(354): CodeIgniter\CodeIgniter->handleRequest(null, Object(Config\Cache), false)
 7 SYSTEMPATH\Boot.php(334): CodeIgniter\CodeIgniter->run()
 8 SYSTEMPATH\Boot.php(67): CodeIgniter\Boot::runCodeIgniter(Object(CodeIgniter\CodeIgniter))
 9 FCPATH\index.php(56): CodeIgniter\Boot::bootWeb(Object(Config\Paths))
CRITICAL - 2025-12-09 18:37:28 --> CodeIgniter\View\Exceptions\ViewException: Invalid file: "webmap.php"
[Method: GET, Route: webmap]
in SYSTEMPATH\Exceptions\FrameworkException.php on line 39.
 1 SYSTEMPATH\View\View.php(212): CodeIgniter\Exceptions\FrameworkException::forInvalidFile('webmap.php')
 2 SYSTEMPATH\Common.php(1173): CodeIgniter\View\View->render('webmap', [], true)
 3 APPPATH\Controllers\WebMap.php(11): view('webmap')
 4 SYSTEMPATH\CodeIgniter.php(933): App\Controllers\WebMap->index()
 5 SYSTEMPATH\CodeIgniter.php(507): CodeIgniter\CodeIgniter->runController(Object(App\Controllers\WebMap))
 6 SYSTEMPATH\CodeIgniter.php(354): CodeIgniter\CodeIgniter->handleRequest(null, Object(Config\Cache), false)
 7 SYSTEMPATH\Boot.php(334): CodeIgniter\CodeIgniter->run()
 8 SYSTEMPATH\Boot.php(67): CodeIgniter\Boot::runCodeIgniter(Object(CodeIgniter\CodeIgniter))
 9 FCPATH\index.php(56): CodeIgniter\Boot::bootWeb(Object(Config\Paths))
CRITICAL - 2025-12-09 19:05:33 --> CodeIgniter\View\Exceptions\ViewException: Invalid file: "webmap.php"
[Method: GET, Route: webmap]
in SYSTEMPATH\Exceptions\FrameworkException.php on line 39.
 1 SYSTEMPATH\View\View.php(212): CodeIgniter\Exceptions\FrameworkException::forInvalidFile('webmap.php')
 2 SYSTEMPATH\Common.php(1173): CodeIgniter\View\View->render('webmap', [], true)
 3 APPPATH\Controllers\WebMap.php(11): view('webmap')
 4 SYSTEMPATH\CodeIgniter.php(933): App\Controllers\WebMap->index()
 5 SYSTEMPATH\CodeIgniter.php(507): CodeIgniter\CodeIgniter->runController(Object(App\Controllers\WebMap))
 6 SYSTEMPATH\CodeIgniter.php(354): CodeIgniter\CodeIgniter->handleRequest(null, Object(Config\Cache), false)
 7 SYSTEMPATH\Boot.php(334): CodeIgniter\CodeIgniter->run()
 8 SYSTEMPATH\Boot.php(67): CodeIgniter\Boot::runCodeIgniter(Object(CodeIgniter\CodeIgniter))
 9 FCPATH\index.php(56): CodeIgniter\Boot::bootWeb(Object(Config\Paths))
CRITICAL - 2025-12-09 19:05:37 --> CodeIgniter\View\Exceptions\ViewException: Invalid file: "webmap.php"
[Method: GET, Route: webmap]
in SYSTEMPATH\Exceptions\FrameworkException.php on line 39.
 1 SYSTEMPATH\View\View.php(212): CodeIgniter\Exceptions\FrameworkException::forInvalidFile('webmap.php')
 2 SYSTEMPATH\Common.php(1173): CodeIgniter\View\View->render('webmap', [], true)
 3 APPPATH\Controllers\WebMap.php(11): view('webmap')
 4 SYSTEMPATH\CodeIgniter.php(933): App\Controllers\WebMap->index()
 5 SYSTEMPATH\CodeIgniter.php(507): CodeIgniter\CodeIgniter->runController(Object(App\Controllers\WebMap))
 6 SYSTEMPATH\CodeIgniter.php(354): CodeIgniter\CodeIgniter->handleRequest(null, Object(Config\Cache), false)
 7 SYSTEMPATH\Boot.php(334): CodeIgniter\CodeIgniter->run()
 8 SYSTEMPATH\Boot.php(67): CodeIgniter\Boot::runCodeIgniter(Object(CodeIgniter\CodeIgniter))
 9 FCPATH\index.php(56): CodeIgniter\Boot::bootWeb(Object(Config\Paths))
CRITICAL - 2025-12-09 19:06:16 --> CodeIgniter\View\Exceptions\ViewException: Invalid file: "webmap.php"
[Method: GET, Route: webmap]
in SYSTEMPATH\Exceptions\FrameworkException.php on line 39.
 1 SYSTEMPATH\View\View.php(212): CodeIgniter\Exceptions\FrameworkException::forInvalidFile('webmap.php')
 2 SYSTEMPATH\Common.php(1173): CodeIgniter\View\View->render('webmap', [], true)
 3 APPPATH\Controllers\Home.php(66): view('webmap', [...])
 4 SYSTEMPATH\CodeIgniter.php(933): App\Controllers\Home->webmap()
 5 SYSTEMPATH\CodeIgniter.php(507): CodeIgniter\CodeIgniter->runController(Object(App\Controllers\Home))
 6 SYSTEMPATH\CodeIgniter.php(354): CodeIgniter\CodeIgniter->handleRequest(null, Object(Config\Cache), false)
 7 SYSTEMPATH\Boot.php(334): CodeIgniter\CodeIgniter->run()
 8 SYSTEMPATH\Boot.php(67): CodeIgniter\Boot::runCodeIgniter(Object(CodeIgniter\CodeIgniter))
 9 FCPATH\index.php(56): CodeIgniter\Boot::bootWeb(Object(Config\Paths))
CRITICAL - 2025-12-09 19:08:29 --> CodeIgniter\View\Exceptions\ViewException: Invalid file: "webmap.php"
[Method: GET, Route: webmap]
in SYSTEMPATH\Exceptions\FrameworkException.php on line 39.
 1 SYSTEMPATH\View\View.php(212): CodeIgniter\Exceptions\FrameworkException::forInvalidFile('webmap.php')
 2 SYSTEMPATH\Common.php(1173): CodeIgniter\View\View->render('webmap', [], true)
 3 APPPATH\Controllers\WebMap.php(11): view('webmap')
 4 SYSTEMPATH\CodeIgniter.php(933): App\Controllers\WebMap->index()
 5 SYSTEMPATH\CodeIgniter.php(507): CodeIgniter\CodeIgniter->runController(Object(App\Controllers\WebMap))
 6 SYSTEMPATH\CodeIgniter.php(354): CodeIgniter\CodeIgniter->handleRequest(null, Object(Config\Cache), false)
 7 SYSTEMPATH\Boot.php(334): CodeIgniter\CodeIgniter->run()
 8 SYSTEMPATH\Boot.php(67): CodeIgniter\Boot::runCodeIgniter(Object(CodeIgniter\CodeIgniter))
 9 FCPATH\index.php(56): CodeIgniter\Boot::bootWeb(Object(Config\Paths))
